(0000) 3000  0011000000000000 (   1)                 .ORIG x3000
(3000) E03F  1110000000111111 (   7)                 LEA   R0 DATA
(3001) E23F  1110001000111111 (   8)                 LEA   R1 RESULT
(3002) 54A0  0101010010100000 (   9)                 AND   R2 R2 #0
(3003) 0E05  0000111000000101 (  10)                 BRNZP MIDDLE_COPY
(3004) 6600  0110011000000000 (  13) LOOP_COPY       LDR   R3 R0 #0
(3005) 7640  0111011001000000 (  14)                 STR   R3 R1 #0
(3006) 1021  0001000000100001 (  15)                 ADD   R0 R0 #1
(3007) 1261  0001001001100001 (  16)                 ADD   R1 R1 #1
(3008) 14A1  0001010010100001 (  17)                 ADD   R2 R2 #1
(3009) 16B0  0001011010110000 (  19) MIDDLE_COPY     ADD   R3 R2 #-16
(300A) 09F9  0000100111111001 (  20)                 BRN   LOOP_COPY
(300B) 5260  0101001001100000 (  26)                 AND   R1 R1 #0
(300C) 1261  0001001001100001 (  27)                 ADD   R1 R1 #1
(300D) 0E11  0000111000010001 (  28)                 BRNZP MIDDLE1
(300E) 54A0  0101010010100000 (  31) LOOP1           AND   R2 R2 #0
(300F) 0E0B  0000111000001011 (  32)                 BRNZP MIDDLE2
(3010) 1602  0001011000000010 (  35) LOOP2           ADD   R3 R0 R2
(3011) 18E1  0001100011100001 (  36)                 ADD   R4 R3 #1
(3012) 6AC0  0110101011000000 (  37)                 LDR   R5 R3 #0
(3013) 6D00  0110110100000000 (  38)                 LDR   R6 R4 #0
(3014) 9FBF  1001111110111111 (  39)                 NOT   R7 R6
(3015) 1FE1  0001111111100001 (  40)                 ADD   R7 R7 #1
(3016) 1FC5  0001111111000101 (  41)                 ADD   R7 R7 R5
(3017) 0602  0000011000000010 (  42)                 BRZP  END2
(3018) 7B00  0111101100000000 (  44)                 STR   R5 R4 #0
(3019) 7CC0  0111110011000000 (  45)                 STR   R6 R3 #0
(301A) 14A1  0001010010100001 (  47) END2            ADD   R2 R2 #1
(301B) 1642  0001011001000010 (  49) MIDDLE2         ADD   R3 R1 R2
(301C) 16F0  0001011011110000 (  50)                 ADD   R3 R3 #-16
(301D) 09F2  0000100111110010 (  51)                 BRN   LOOP2
(301E) 1261  0001001001100001 (  53)                 ADD   R1 R1 #1
(301F) 1670  0001011001110000 (  55) MIDDLE1         ADD   R3 R1 #-16
(3020) 09ED  0000100111101101 (  56)                 BRN   LOOP1
(3021) 5260  0101001001100000 (  62)                 AND   R1 R1 #0
(3022) 2C21  0010110000100001 (  63)                 LD    R6 A_GRADE
(3023) 2E21  0010111000100001 (  64)                 LD    R7 B_GRADE
(3024) 9DBF  1001110110111111 (  65)                 NOT   R6 R6
(3025) 1DA1  0001110110100001 (  66)                 ADD   R6 R6 #1
(3026) 9FFF  1001111111111111 (  67)                 NOT   R7 R7
(3027) 1FE1  0001111111100001 (  68)                 ADD   R7 R7 #1
(3028) 54A0  0101010010100000 (  69)                 AND   R2 R2 #0
(3029) 56E0  0101011011100000 (  70)                 AND   R3 R3 #0
(302A) 0E0E  0000111000001110 (  71)                 BRNZP MIDDLE3
(302B) 187C  0001100001111100 (  74) LOOP3           ADD   R4 R1 #-4
(302C) 0606  0000011000000110 (  75)                 BRZP  IS_B
(302D) 1801  0001100000000001 (  77)                 ADD   R4 R0 R1
(302E) 6900  0110100100000000 (  78)                 LDR   R4 R4 #0
(302F) 1B06  0001101100000110 (  79)                 ADD   R5 R4 R6
(3030) 0802  0000100000000010 (  80)                 BRN   IS_B
(3031) 14A1  0001010010100001 (  82)                 ADD   R2 R2 #1
(3032) 0E05  0000111000000101 (  83)                 BRNZP NEXT
(3033) 1801  0001100000000001 (  86) IS_B            ADD   R4 R0 R1
(3034) 6900  0110100100000000 (  87)                 LDR   R4 R4 #0
(3035) 1B07  0001101100000111 (  88)                 ADD   R5 R4 R7
(3036) 0801  0000100000000001 (  89)                 BRN   NEXT
(3037) 16E1  0001011011100001 (  91)                 ADD   R3 R3 #1
(3038) 1261  0001001001100001 (  93) NEXT            ADD   R1 R1 #1
(3039) 1878  0001100001111000 (  95) MIDDLE3         ADD   R4 R1 #-8
(303A) 09F0  0000100111110000 (  96)                 BRN   LOOP3
(303B) 2206  0010001000000110 ( 101)                 LD    R1 A_CNT
(303C) 7440  0111010001000000 ( 102)                 STR   R2 R1 #0
(303D) 2205  0010001000000101 ( 103)                 LD    R1 B_CNT
(303E) 7640  0111011001000000 ( 104)                 STR   R3 R1 #0
(303F) F025  1111000000100101 ( 106)                 TRAP  x25
(3040) 3200  0011001000000000 ( 111) DATA            .FILL x3200
(3041) 4000  0100000000000000 ( 112) RESULT          .FILL x4000
(3042) 4100  0100000100000000 ( 113) A_CNT           .FILL x4100
(3043) 4101  0100000100000001 ( 114) B_CNT           .FILL x4101
(3044) 0055  0000000001010101 ( 115) A_GRADE         .FILL x0055
(3045) 004B  0000000001001011 ( 116) B_GRADE         .FILL x004B
