(0000) 2000  0010000000000000 (   1)                 .ORIG x2000
(2000) 1DBF  0001110110111111 (   2)                 ADD   R6 R6 #-1
(2001) 7180  0111000110000000 (   3)                 STR   R0 R6 #0
(2002) 1DBF  0001110110111111 (   4)                 ADD   R6 R6 #-1
(2003) 7380  0111001110000000 (   5)                 STR   R1 R6 #0
(2004) 1DBF  0001110110111111 (   6)                 ADD   R6 R6 #-1
(2005) 7580  0111010110000000 (   7)                 STR   R2 R6 #0
(2006) 1DBF  0001110110111111 (   8)                 ADD   R6 R6 #-1
(2007) 7780  0111011110000000 (   9)                 STR   R3 R6 #0
(2008) 301E  0011000000011110 (  11) LOOP            ST    R0 SaveR0
(2009) A21E  1010001000011110 (  12) CHECK           LDI   R1 KBSR
(200A) 1260  0001001001100000 (  13)                 ADD   R1 R1 #0
(200B) 07FD  0000011111111101 (  14)                 BRZP  CHECK
(200C) A01C  1010000000011100 (  16)                 LDI   R0 KBDR
(200D) 2417  0010010000010111 (  17)                 LD    R2 _ENDLINE
(200E) 1480  0001010010000000 (  18)                 ADD   R2 R2 R0
(200F) 0BF8  0000101111111000 (  19)                 BRNP  LOOP
(2010) 56E0  0101011011100000 (  21)                 AND   R3 R3 #0
(2011) 16EA  0001011011101010 (  22)                 ADD   R3 R3 #10
(2012) 2014  0010000000010100 (  24) P_LOOP          LD    R0 SaveR0
(2013) A216  1010001000010110 (  25) START           LDI   R1 DSR
(2014) 07FE  0000011111111110 (  26)                 BRZP  START
(2015) B015  1011000000010101 (  27)                 STI   R0 DDR
(2016) 16FF  0001011011111111 (  28)                 ADD   R3 R3 #-1
(2017) 03FA  0000001111111010 (  29)                 BRP   P_LOOP
(2018) 200D  0010000000001101 (  31) P_ENDL          LD    R0 ENDLINE
(2019) A210  1010001000010000 (  32)                 LDI   R1 DSR
(201A) 07FD  0000011111111101 (  33)                 BRZP  P_ENDL
(201B) B00F  1011000000001111 (  34)                 STI   R0 DDR
(201C) 6780  0110011110000000 (  36)                 LDR   R3 R6 #0
(201D) 1DA1  0001110110100001 (  37)                 ADD   R6 R6 #1
(201E) 6580  0110010110000000 (  38)                 LDR   R2 R6 #0
(201F) 1DA1  0001110110100001 (  39)                 ADD   R6 R6 #1
(2020) 6380  0110001110000000 (  40)                 LDR   R1 R6 #0
(2021) 1DA1  0001110110100001 (  41)                 ADD   R6 R6 #1
(2022) 6180  0110000110000000 (  42)                 LDR   R0 R6 #0
(2023) 1DA1  0001110110100001 (  43)                 ADD   R6 R6 #1
(2024) 8000  1000000000000000 (  45)                 RTI   
(2025) FFF6  1111111111110110 (  48) _ENDLINE        .FILL xFFF6
(2026) 000A  0000000000001010 (  49) ENDLINE         .FILL x000A
(2027) 0000  0000000000000000 (  50) SaveR0          .FILL x0000
(2028) FE00  1111111000000000 (  51) KBSR            .FILL xFE00
(2029) FE02  1111111000000010 (  52) KBDR            .FILL xFE02
(202A) FE04  1111111000000100 (  53) DSR             .FILL xFE04
(202B) FE06  1111111000000110 (  54) DDR             .FILL xFE06
