(0000) 3000  0011000000000000 (   1)                 .ORIG x3000
(3000) 2C70  0010110001110000 (   2)                 LD    R6 STACK
(3001) 226D  0010001001101101 (   4)                 LD    R1 ENTRANCE
(3002) 246B  0010010001101011 (   5)                 LD    R2 INTV
(3003) 7280  0111001010000000 (   6)                 STR   R1 R2 #0
(3004) 2665  0010011001100101 (   8)                 LD    R3 IE
(3005) B665  1011011001100101 (   9)                 STI   R3 KBSR
(3006) E00D  1110000000001101 (  11) PRINT           LEA   R0 STR1
(3007) F022  1111000000100010 (  12)                 TRAP  x22
(3008) E038  1110000000111000 (  13)                 LEA   R0 STR2
(3009) 4804  0100100000000100 (  14)                 JSR   DELAY
(300A) F022  1111000000100010 (  15)                 TRAP  x22
(300B) 4802  0100100000000010 (  16)                 JSR   DELAY
(300C) 0FF9  0000111111111001 (  17)                 BRNZP PRINT
(300D) F025  1111000000100101 (  18)                 TRAP  x25
(300E) 3261  0011001001100001 (  19) DELAY           ST    R1 SaveR1
(300F) 225D  0010001001011101 (  20)                 LD    R1 COUNT
(3010) 127F  0001001001111111 (  21) REP             ADD   R1 R1 #-1
(3011) 03FE  0000001111111110 (  22)                 BRP   REP
(3012) 225D  0010001001011101 (  23)                 LD    R1 SaveR1
(3013) C1C0  1100000111000000 (  24)                 RET   
(3014) 0049  0000000001001001 (  25) STR1            .FILL x0049
(3015) 0043  0000000001000011 (  25)                 .FILL x0043
(3016) 0053  0000000001010011 (  25)                 .FILL x0053
(3017) 0020  0000000000100000 (  25)                 .FILL x0020
(3018) 0020  0000000000100000 (  25)                 .FILL x0020
(3019) 0020  0000000000100000 (  25)                 .FILL x0020
(301A) 0020  0000000000100000 (  25)                 .FILL x0020
(301B) 0020  0000000000100000 (  25)                 .FILL x0020
(301C) 0049  0000000001001001 (  25)                 .FILL x0049
(301D) 0043  0000000001000011 (  25)                 .FILL x0043
(301E) 0053  0000000001010011 (  25)                 .FILL x0053
(301F) 0020  0000000000100000 (  25)                 .FILL x0020
(3020) 0020  0000000000100000 (  25)                 .FILL x0020
(3021) 0020  0000000000100000 (  25)                 .FILL x0020
(3022) 0020  0000000000100000 (  25)                 .FILL x0020
(3023) 0020  0000000000100000 (  25)                 .FILL x0020
(3024) 0049  0000000001001001 (  25)                 .FILL x0049
(3025) 0043  0000000001000011 (  25)                 .FILL x0043
(3026) 0053  0000000001010011 (  25)                 .FILL x0053
(3027) 0020  0000000000100000 (  25)                 .FILL x0020
(3028) 0020  0000000000100000 (  25)                 .FILL x0020
(3029) 0020  0000000000100000 (  25)                 .FILL x0020
(302A) 0020  0000000000100000 (  25)                 .FILL x0020
(302B) 0020  0000000000100000 (  25)                 .FILL x0020
(302C) 0049  0000000001001001 (  25)                 .FILL x0049
(302D) 0043  0000000001000011 (  25)                 .FILL x0043
(302E) 0053  0000000001010011 (  25)                 .FILL x0053
(302F) 0020  0000000000100000 (  25)                 .FILL x0020
(3030) 0020  0000000000100000 (  25)                 .FILL x0020
(3031) 0020  0000000000100000 (  25)                 .FILL x0020
(3032) 0020  0000000000100000 (  25)                 .FILL x0020
(3033) 0020  0000000000100000 (  25)                 .FILL x0020
(3034) 0049  0000000001001001 (  25)                 .FILL x0049
(3035) 0043  0000000001000011 (  25)                 .FILL x0043
(3036) 0053  0000000001010011 (  25)                 .FILL x0053
(3037) 0020  0000000000100000 (  25)                 .FILL x0020
(3038) 0020  0000000000100000 (  25)                 .FILL x0020
(3039) 0020  0000000000100000 (  25)                 .FILL x0020
(303A) 0020  0000000000100000 (  25)                 .FILL x0020
(303B) 0020  0000000000100000 (  25)                 .FILL x0020
(303C) 0049  0000000001001001 (  25)                 .FILL x0049
(303D) 0043  0000000001000011 (  25)                 .FILL x0043
(303E) 0053  0000000001010011 (  25)                 .FILL x0053
(303F) 000A  0000000000001010 (  25)                 .FILL x000A
(3040) 0000  0000000000000000 (  25)                 .FILL x0000
(3041) 0020  0000000000100000 (  26) STR2            .FILL x0020
(3042) 0020  0000000000100000 (  26)                 .FILL x0020
(3043) 0020  0000000000100000 (  26)                 .FILL x0020
(3044) 0020  0000000000100000 (  26)                 .FILL x0020
(3045) 0049  0000000001001001 (  26)                 .FILL x0049
(3046) 0043  0000000001000011 (  26)                 .FILL x0043
(3047) 0053  0000000001010011 (  26)                 .FILL x0053
(3048) 0020  0000000000100000 (  26)                 .FILL x0020
(3049) 0020  0000000000100000 (  26)                 .FILL x0020
(304A) 0020  0000000000100000 (  26)                 .FILL x0020
(304B) 0020  0000000000100000 (  26)                 .FILL x0020
(304C) 0020  0000000000100000 (  26)                 .FILL x0020
(304D) 0049  0000000001001001 (  26)                 .FILL x0049
(304E) 0043  0000000001000011 (  26)                 .FILL x0043
(304F) 0053  0000000001010011 (  26)                 .FILL x0053
(3050) 0020  0000000000100000 (  26)                 .FILL x0020
(3051) 0020  0000000000100000 (  26)                 .FILL x0020
(3052) 0020  0000000000100000 (  26)                 .FILL x0020
(3053) 0020  0000000000100000 (  26)                 .FILL x0020
(3054) 0020  0000000000100000 (  26)                 .FILL x0020
(3055) 0049  0000000001001001 (  26)                 .FILL x0049
(3056) 0043  0000000001000011 (  26)                 .FILL x0043
(3057) 0053  0000000001010011 (  26)                 .FILL x0053
(3058) 0020  0000000000100000 (  26)                 .FILL x0020
(3059) 0020  0000000000100000 (  26)                 .FILL x0020
(305A) 0020  0000000000100000 (  26)                 .FILL x0020
(305B) 0020  0000000000100000 (  26)                 .FILL x0020
(305C) 0020  0000000000100000 (  26)                 .FILL x0020
(305D) 0049  0000000001001001 (  26)                 .FILL x0049
(305E) 0043  0000000001000011 (  26)                 .FILL x0043
(305F) 0053  0000000001010011 (  26)                 .FILL x0053
(3060) 0020  0000000000100000 (  26)                 .FILL x0020
(3061) 0020  0000000000100000 (  26)                 .FILL x0020
(3062) 0020  0000000000100000 (  26)                 .FILL x0020
(3063) 0020  0000000000100000 (  26)                 .FILL x0020
(3064) 0020  0000000000100000 (  26)                 .FILL x0020
(3065) 0049  0000000001001001 (  26)                 .FILL x0049
(3066) 0043  0000000001000011 (  26)                 .FILL x0043
(3067) 0053  0000000001010011 (  26)                 .FILL x0053
(3068) 000A  0000000000001010 (  26)                 .FILL x000A
(3069) 0000  0000000000000000 (  26)                 .FILL x0000
(306A) 4000  0100000000000000 (  27) IE              .FILL x4000
(306B) FE00  1111111000000000 (  28) KBSR            .FILL xFE00
(306C) FE02  1111111000000010 (  29) KBDR            .FILL xFE02
(306D) 61A8  0110000110101000 (  30) COUNT           .FILL x61A8
(306E) 0180  0000000110000000 (  31) INTV            .FILL x0180
(306F) 2000  0010000000000000 (  32) ENTRANCE        .FILL x2000
(3070) 0000  0000000000000000 (  33) SaveR1          .FILL x0000
(3071) 3000  0011000000000000 (  34) STACK           .FILL x3000
