(0000) 3000  0011000000000000 (   1)                 .ORIG x3000
(3000) E029  1110000000101001 (   8) MAIN            LEA   R0 ROW_A
(3001) 5260  0101001001100000 (   9)                 AND   R1 R1 #0
(3002) 1263  0001001001100011 (  10)                 ADD   R1 R1 #3
(3003) 7200  0111001000000000 (  11)                 STR   R1 R0 #0
(3004) 1262  0001001001100010 (  12)                 ADD   R1 R1 #2
(3005) 7201  0111001000000001 (  13)                 STR   R1 R0 #1
(3006) 1263  0001001001100011 (  14)                 ADD   R1 R1 #3
(3007) 7202  0111001000000010 (  15)                 STR   R1 R0 #2
(3008) 5260  0101001001100000 (  18)                 AND   R1 R1 #0
(3009) 1261  0001001001100001 (  19)                 ADD   R1 R1 #1
(300A) 3222  0011001000100010 (  20)                 ST    R1 CUR_PLAYER
(300B) 48F4  0100100011110100 (  23)                 JSR   PRINT_BOARD
(300C) 4841  0100100001000001 (  26) GAMELOOP        JSR   GET_VALID_MOVE
(300D) E41C  1110010000011100 (  29)                 LEA   R2 ROW_A
(300E) 1480  0001010010000000 (  30)                 ADD   R2 R2 R0
(300F) 6680  0110011010000000 (  31)                 LDR   R3 R2 #0
(3010) 927F  1001001001111111 (  32)                 NOT   R1 R1
(3011) 1261  0001001001100001 (  33)                 ADD   R1 R1 #1
(3012) 16C1  0001011011000001 (  34)                 ADD   R3 R3 R1
(3013) 7680  0111011010000000 (  35)                 STR   R3 R2 #0
(3014) E815  1110100000010101 (  38)                 LEA   R4 ROW_A
(3015) 6100  0110000100000000 (  39)                 LDR   R0 R4 #0
(3016) 6301  0110001100000001 (  40)                 LDR   R1 R4 #1
(3017) 1001  0001000000000001 (  41)                 ADD   R0 R0 R1
(3018) 6302  0110001100000010 (  42)                 LDR   R1 R4 #2
(3019) 1001  0001000000000001 (  43)                 ADD   R0 R0 R1
(301A) 0407  0000010000000111 (  44)                 BRZ   WIN
(301B) 2011  0010000000010001 (  47)                 LD    R0 CUR_PLAYER
(301C) 903F  1001000000111111 (  48)                 NOT   R0 R0
(301D) 1021  0001000000100001 (  49)                 ADD   R0 R0 #1
(301E) 1023  0001000000100011 (  50)                 ADD   R0 R0 #3
(301F) 300D  0011000000001101 (  51)                 ST    R0 CUR_PLAYER
(3020) 48DF  0100100011011111 (  54)                 JSR   PRINT_BOARD
(3021) 0FEA  0000111111101010 (  55)                 BRNZP GAMELOOP
(3022) 200A  0010000000001010 (  59) WIN             LD    R0 CUR_PLAYER
(3023) 103F  0001000000111111 (  60)                 ADD   R0 R0 #-1
(3024) 0402  0000010000000010 (  61)                 BRZ   WIN_P1
(3025) E018  1110000000011000 (  62)                 LEA   R0 WIN2_STR
(3026) 0E01  0000111000000001 (  63)                 BRNZP PUT_WIN
(3027) E006  1110000000000110 (  64) WIN_P1          LEA   R0 WIN1_STR
(3028) F022  1111000000100010 (  65) PUT_WIN         TRAP  x22
(3029) F025  1111000000100101 (  66)                 TRAP  x25
(302A) 0000  0000000000000000 (  72) ROW_A           .FILL x0000
(302B) 0000  0000000000000000 (  73) ROW_B           .FILL x0000
(302C) 0000  0000000000000000 (  74) ROW_C           .FILL x0000
(302D) 0000  0000000000000000 (  76) CUR_PLAYER      .FILL x0000
(302E) 0050  0000000001010000 (  76) WIN1_STR        .FILL x0050
(302F) 006C  0000000001101100 (  76)                 .FILL x006C
(3030) 0061  0000000001100001 (  76)                 .FILL x0061
(3031) 0079  0000000001111001 (  76)                 .FILL x0079
(3032) 0065  0000000001100101 (  76)                 .FILL x0065
(3033) 0072  0000000001110010 (  76)                 .FILL x0072
(3034) 0020  0000000000100000 (  76)                 .FILL x0020
(3035) 0031  0000000000110001 (  76)                 .FILL x0031
(3036) 0020  0000000000100000 (  76)                 .FILL x0020
(3037) 0057  0000000001010111 (  76)                 .FILL x0057
(3038) 0069  0000000001101001 (  76)                 .FILL x0069
(3039) 006E  0000000001101110 (  76)                 .FILL x006E
(303A) 0073  0000000001110011 (  76)                 .FILL x0073
(303B) 002E  0000000000101110 (  76)                 .FILL x002E
(303C) 000A  0000000000001010 (  76)                 .FILL x000A
(303D) 0000  0000000000000000 (  76)                 .FILL x0000
(303E) 0050  0000000001010000 (  77) WIN2_STR        .FILL x0050
(303F) 006C  0000000001101100 (  77)                 .FILL x006C
(3040) 0061  0000000001100001 (  77)                 .FILL x0061
(3041) 0079  0000000001111001 (  77)                 .FILL x0079
(3042) 0065  0000000001100101 (  77)                 .FILL x0065
(3043) 0072  0000000001110010 (  77)                 .FILL x0072
(3044) 0020  0000000000100000 (  77)                 .FILL x0020
(3045) 0032  0000000000110010 (  77)                 .FILL x0032
(3046) 0020  0000000000100000 (  77)                 .FILL x0020
(3047) 0057  0000000001010111 (  77)                 .FILL x0057
(3048) 0069  0000000001101001 (  77)                 .FILL x0069
(3049) 006E  0000000001101110 (  77)                 .FILL x006E
(304A) 0073  0000000001110011 (  77)                 .FILL x0073
(304B) 002E  0000000000101110 (  77)                 .FILL x002E
(304C) 000A  0000000000001010 (  77)                 .FILL x000A
(304D) 0000  0000000000000000 (  77)                 .FILL x0000
(304E) 3E35  0011111000110101 (  86) GET_VALID_MOVE  ST    R7 GM_SAVE_R7
(304F) 3435  0011010000110101 (  87)                 ST    R2 GM_SAVE_R2
(3050) 3635  0011011000110101 (  88)                 ST    R3 GM_SAVE_R3
(3051) 3835  0011100000110101 (  89)                 ST    R4 GM_SAVE_R4
(3052) 3A35  0011101000110101 (  90)                 ST    R5 GM_SAVE_R5
(3053) 21D9  0010000111011001 (  94) GM_LOOP         LD    R0 CUR_PLAYER
(3054) 103F  0001000000111111 (  95)                 ADD   R0 R0 #-1
(3055) 0402  0000010000000010 (  96)                 BRZ   GM_P1
(3056) E062  1110000001100010 (  97)                 LEA   R0 GM_PROMPT2
(3057) 0E01  0000111000000001 (  98)                 BRNZP GM_PUTS
(3058) E033  1110000000110011 (  99) GM_P1           LEA   R0 GM_PROMPT1
(3059) F022  1111000000100010 ( 100) GM_PUTS         TRAP  x22
(305A) F020  1111000000100000 ( 103)                 TRAP  x20
(305B) F021  1111000000100001 ( 104)                 TRAP  x21
(305C) 1420  0001010000100000 ( 105)                 ADD   R2 R0 #0
(305D) F020  1111000000100000 ( 108)                 TRAP  x20
(305E) F021  1111000000100001 ( 109)                 TRAP  x21
(305F) 1620  0001011000100000 ( 110)                 ADD   R3 R0 #0
(3060) 202A  0010000000101010 ( 113)                 LD    R0 GM_NEWLINE
(3061) F021  1111000000100001 ( 114)                 TRAP  x21
(3062) 2826  0010100000100110 ( 117)                 LD    R4 GM_CHAR_A
(3063) 993F  1001100100111111 ( 118)                 NOT   R4 R4
(3064) 1921  0001100100100001 ( 119)                 ADD   R4 R4 #1
(3065) 1084  0001000010000100 ( 120)                 ADD   R0 R2 R4
(3066) 081A  0000100000011010 ( 121)                 BRN   GM_INVALID
(3067) 123E  0001001000111110 ( 122)                 ADD   R1 R0 #-2
(3068) 0218  0000001000011000 ( 123)                 BRP   GM_INVALID
(3069) 1A20  0001101000100000 ( 124)                 ADD   R5 R0 #0
(306A) 281F  0010100000011111 ( 127)                 LD    R4 GM_CHAR_0
(306B) 993F  1001100100111111 ( 128)                 NOT   R4 R4
(306C) 1921  0001100100100001 ( 129)                 ADD   R4 R4 #1
(306D) 10C4  0001000011000100 ( 130)                 ADD   R0 R3 R4
(306E) 123F  0001001000111111 ( 131)                 ADD   R1 R0 #-1
(306F) 0811  0000100000010001 ( 132)                 BRN   GM_INVALID
(3070) 1238  0001001000111000 ( 133)                 ADD   R1 R0 #-8
(3071) 020F  0000001000001111 ( 134)                 BRP   GM_INVALID
(3072) E3B7  1110001110110111 ( 137)                 LEA   R1 ROW_A
(3073) 1245  0001001001000101 ( 138)                 ADD   R1 R1 R5
(3074) 6440  0110010001000000 ( 139)                 LDR   R2 R1 #0
(3075) 94BF  1001010010111111 ( 140)                 NOT   R2 R2
(3076) 14A1  0001010010100001 ( 141)                 ADD   R2 R2 #1
(3077) 1402  0001010000000010 ( 142)                 ADD   R2 R0 R2
(3078) 0208  0000001000001000 ( 143)                 BRP   GM_INVALID
(3079) 1220  0001001000100000 ( 146)                 ADD   R1 R0 #0
(307A) 1160  0001000101100000 ( 147)                 ADD   R0 R5 #0
(307B) 2409  0010010000001001 ( 148)                 LD    R2 GM_SAVE_R2
(307C) 2609  0010011000001001 ( 149)                 LD    R3 GM_SAVE_R3
(307D) 2809  0010100000001001 ( 150)                 LD    R4 GM_SAVE_R4
(307E) 2A09  0010101000001001 ( 151)                 LD    R5 GM_SAVE_R5
(307F) 2E04  0010111000000100 ( 152)                 LD    R7 GM_SAVE_R7
(3080) C1C0  1100000111000000 ( 153)                 RET   
(3081) E064  1110000001100100 ( 156) GM_INVALID      LEA   R0 GM_ERR_MSG
(3082) F022  1111000000100010 ( 157)                 TRAP  x22
(3083) 0FCF  0000111111001111 ( 158)                 BRNZP GM_LOOP
(3084) 0000  0000000000000000 ( 162) GM_SAVE_R7      .FILL x0000
(3085) 0000  0000000000000000 ( 163) GM_SAVE_R2      .FILL x0000
(3086) 0000  0000000000000000 ( 164) GM_SAVE_R3      .FILL x0000
(3087) 0000  0000000000000000 ( 165) GM_SAVE_R4      .FILL x0000
(3088) 0000  0000000000000000 ( 166) GM_SAVE_R5      .FILL x0000
(3089) 0041  0000000001000001 ( 166) GM_CHAR_A       .FILL x0041
(308A) 0030  0000000000110000 ( 167) GM_CHAR_0       .FILL x0030
(308B) 000A  0000000000001010 ( 168) GM_NEWLINE      .FILL x000A
(308C) 0050  0000000001010000 ( 169) GM_PROMPT1      .FILL x0050
(308D) 006C  0000000001101100 ( 169)                 .FILL x006C
(308E) 0061  0000000001100001 ( 169)                 .FILL x0061
(308F) 0079  0000000001111001 ( 169)                 .FILL x0079
(3090) 0065  0000000001100101 ( 169)                 .FILL x0065
(3091) 0072  0000000001110010 ( 169)                 .FILL x0072
(3092) 0020  0000000000100000 ( 169)                 .FILL x0020
(3093) 0031  0000000000110001 ( 169)                 .FILL x0031
(3094) 002C  0000000000101100 ( 169)                 .FILL x002C
(3095) 0020  0000000000100000 ( 169)                 .FILL x0020
(3096) 0063  0000000001100011 ( 169)                 .FILL x0063
(3097) 0068  0000000001101000 ( 169)                 .FILL x0068
(3098) 006F  0000000001101111 ( 169)                 .FILL x006F
(3099) 006F  0000000001101111 ( 169)                 .FILL x006F
(309A) 0073  0000000001110011 ( 169)                 .FILL x0073
(309B) 0065  0000000001100101 ( 169)                 .FILL x0065
(309C) 0020  0000000000100000 ( 169)                 .FILL x0020
(309D) 0061  0000000001100001 ( 169)                 .FILL x0061
(309E) 0020  0000000000100000 ( 169)                 .FILL x0020
(309F) 0072  0000000001110010 ( 169)                 .FILL x0072
(30A0) 006F  0000000001101111 ( 169)                 .FILL x006F
(30A1) 0077  0000000001110111 ( 169)                 .FILL x0077
(30A2) 0020  0000000000100000 ( 169)                 .FILL x0020
(30A3) 0061  0000000001100001 ( 169)                 .FILL x0061
(30A4) 006E  0000000001101110 ( 169)                 .FILL x006E
(30A5) 0064  0000000001100100 ( 169)                 .FILL x0064
(30A6) 0020  0000000000100000 ( 169)                 .FILL x0020
(30A7) 006E  0000000001101110 ( 169)                 .FILL x006E
(30A8) 0075  0000000001110101 ( 169)                 .FILL x0075
(30A9) 006D  0000000001101101 ( 169)                 .FILL x006D
(30AA) 0062  0000000001100010 ( 169)                 .FILL x0062
(30AB) 0065  0000000001100101 ( 169)                 .FILL x0065
(30AC) 0072  0000000001110010 ( 169)                 .FILL x0072
(30AD) 0020  0000000000100000 ( 169)                 .FILL x0020
(30AE) 006F  0000000001101111 ( 169)                 .FILL x006F
(30AF) 0066  0000000001100110 ( 169)                 .FILL x0066
(30B0) 0020  0000000000100000 ( 169)                 .FILL x0020
(30B1) 0072  0000000001110010 ( 169)                 .FILL x0072
(30B2) 006F  0000000001101111 ( 169)                 .FILL x006F
(30B3) 0063  0000000001100011 ( 169)                 .FILL x0063
(30B4) 006B  0000000001101011 ( 169)                 .FILL x006B
(30B5) 0073  0000000001110011 ( 169)                 .FILL x0073
(30B6) 003A  0000000000111010 ( 169)                 .FILL x003A
(30B7) 0020  0000000000100000 ( 169)                 .FILL x0020
(30B8) 0000  0000000000000000 ( 169)                 .FILL x0000
(30B9) 0050  0000000001010000 ( 170) GM_PROMPT2      .FILL x0050
(30BA) 006C  0000000001101100 ( 170)                 .FILL x006C
(30BB) 0061  0000000001100001 ( 170)                 .FILL x0061
(30BC) 0079  0000000001111001 ( 170)                 .FILL x0079
(30BD) 0065  0000000001100101 ( 170)                 .FILL x0065
(30BE) 0072  0000000001110010 ( 170)                 .FILL x0072
(30BF) 0020  0000000000100000 ( 170)                 .FILL x0020
(30C0) 0032  0000000000110010 ( 170)                 .FILL x0032
(30C1) 002C  0000000000101100 ( 170)                 .FILL x002C
(30C2) 0020  0000000000100000 ( 170)                 .FILL x0020
(30C3) 0063  0000000001100011 ( 170)                 .FILL x0063
(30C4) 0068  0000000001101000 ( 170)                 .FILL x0068
(30C5) 006F  0000000001101111 ( 170)                 .FILL x006F
(30C6) 006F  0000000001101111 ( 170)                 .FILL x006F
(30C7) 0073  0000000001110011 ( 170)                 .FILL x0073
(30C8) 0065  0000000001100101 ( 170)                 .FILL x0065
(30C9) 0020  0000000000100000 ( 170)                 .FILL x0020
(30CA) 0061  0000000001100001 ( 170)                 .FILL x0061
(30CB) 0020  0000000000100000 ( 170)                 .FILL x0020
(30CC) 0072  0000000001110010 ( 170)                 .FILL x0072
(30CD) 006F  0000000001101111 ( 170)                 .FILL x006F
(30CE) 0077  0000000001110111 ( 170)                 .FILL x0077
(30CF) 0020  0000000000100000 ( 170)                 .FILL x0020
(30D0) 0061  0000000001100001 ( 170)                 .FILL x0061
(30D1) 006E  0000000001101110 ( 170)                 .FILL x006E
(30D2) 0064  0000000001100100 ( 170)                 .FILL x0064
(30D3) 0020  0000000000100000 ( 170)                 .FILL x0020
(30D4) 006E  0000000001101110 ( 170)                 .FILL x006E
(30D5) 0075  0000000001110101 ( 170)                 .FILL x0075
(30D6) 006D  0000000001101101 ( 170)                 .FILL x006D
(30D7) 0062  0000000001100010 ( 170)                 .FILL x0062
(30D8) 0065  0000000001100101 ( 170)                 .FILL x0065
(30D9) 0072  0000000001110010 ( 170)                 .FILL x0072
(30DA) 0020  0000000000100000 ( 170)                 .FILL x0020
(30DB) 006F  0000000001101111 ( 170)                 .FILL x006F
(30DC) 0066  0000000001100110 ( 170)                 .FILL x0066
(30DD) 0020  0000000000100000 ( 170)                 .FILL x0020
(30DE) 0072  0000000001110010 ( 170)                 .FILL x0072
(30DF) 006F  0000000001101111 ( 170)                 .FILL x006F
(30E0) 0063  0000000001100011 ( 170)                 .FILL x0063
(30E1) 006B  0000000001101011 ( 170)                 .FILL x006B
(30E2) 0073  0000000001110011 ( 170)                 .FILL x0073
(30E3) 003A  0000000000111010 ( 170)                 .FILL x003A
(30E4) 0020  0000000000100000 ( 170)                 .FILL x0020
(30E5) 0000  0000000000000000 ( 170)                 .FILL x0000
(30E6) 0049  0000000001001001 ( 171) GM_ERR_MSG      .FILL x0049
(30E7) 006E  0000000001101110 ( 171)                 .FILL x006E
(30E8) 0076  0000000001110110 ( 171)                 .FILL x0076
(30E9) 0061  0000000001100001 ( 171)                 .FILL x0061
(30EA) 006C  0000000001101100 ( 171)                 .FILL x006C
(30EB) 0069  0000000001101001 ( 171)                 .FILL x0069
(30EC) 0064  0000000001100100 ( 171)                 .FILL x0064
(30ED) 0020  0000000000100000 ( 171)                 .FILL x0020
(30EE) 006D  0000000001101101 ( 171)                 .FILL x006D
(30EF) 006F  0000000001101111 ( 171)                 .FILL x006F
(30F0) 0076  0000000001110110 ( 171)                 .FILL x0076
(30F1) 0065  0000000001100101 ( 171)                 .FILL x0065
(30F2) 002E  0000000000101110 ( 171)                 .FILL x002E
(30F3) 0020  0000000000100000 ( 171)                 .FILL x0020
(30F4) 0054  0000000001010100 ( 171)                 .FILL x0054
(30F5) 0072  0000000001110010 ( 171)                 .FILL x0072
(30F6) 0079  0000000001111001 ( 171)                 .FILL x0079
(30F7) 0020  0000000000100000 ( 171)                 .FILL x0020
(30F8) 0061  0000000001100001 ( 171)                 .FILL x0061
(30F9) 0067  0000000001100111 ( 171)                 .FILL x0067
(30FA) 0061  0000000001100001 ( 171)                 .FILL x0061
(30FB) 0069  0000000001101001 ( 171)                 .FILL x0069
(30FC) 006E  0000000001101110 ( 171)                 .FILL x006E
(30FD) 002E  0000000000101110 ( 171)                 .FILL x002E
(30FE) 000A  0000000000001010 ( 171)                 .FILL x000A
(30FF) 0000  0000000000000000 ( 171)                 .FILL x0000
(3100) 3E26  0011111000100110 ( 178) PRINT_BOARD     ST    R7 PB_SAVE_R7
(3101) 3026  0011000000100110 ( 179)                 ST    R0 PB_SAVE_R0
(3102) 3226  0011001000100110 ( 180)                 ST    R1 PB_SAVE_R1
(3103) 3426  0011010000100110 ( 181)                 ST    R2 PB_SAVE_R2
(3104) 3626  0011011000100110 ( 182)                 ST    R3 PB_SAVE_R3
(3105) 3826  0011100000100110 ( 183)                 ST    R4 PB_SAVE_R4
(3106) 56E0  0101011011100000 ( 185)                 AND   R3 R3 #0
(3107) 18FD  0001100011111101 ( 187) PB_LOOP         ADD   R4 R3 #-3
(3108) 0617  0000011000010111 ( 188)                 BRZP  PB_DONE
(3109) 10E0  0001000011100000 ( 191)                 ADD   R0 R3 #0
(310A) 0404  0000010000000100 ( 192)                 BRZ   PB_A
(310B) 10FF  0001000011111111 ( 193)                 ADD   R0 R3 #-1
(310C) 0404  0000010000000100 ( 194)                 BRZ   PB_B
(310D) E031  1110000000110001 ( 195)                 LEA   R0 PB_ROW_C
(310E) 0E03  0000111000000011 ( 196)                 BRNZP PB_PUTS
(310F) E01F  1110000000011111 ( 197) PB_A            LEA   R0 PB_ROW_A
(3110) 0E01  0000111000000001 ( 198)                 BRNZP PB_PUTS
(3111) E025  1110000000100101 ( 199) PB_B            LEA   R0 PB_ROW_B
(3112) F022  1111000000100010 ( 200) PB_PUTS         TRAP  x22
(3113) E316  1110001100010110 ( 203)                 LEA   R1 ROW_A
(3114) 1243  0001001001000011 ( 204)                 ADD   R1 R1 R3
(3115) 6440  0110010001000000 ( 205)                 LDR   R2 R1 #0
(3116) 14A0  0001010010100000 ( 209) PB_O_LOOP       ADD   R2 R2 #0
(3117) 0404  0000010000000100 ( 210)                 BRZ   PB_NL
(3118) 2014  0010000000010100 ( 211)                 LD    R0 PB_CHAR_O
(3119) F021  1111000000100001 ( 212)                 TRAP  x21
(311A) 14BF  0001010010111111 ( 213)                 ADD   R2 R2 #-1
(311B) 0FFA  0000111111111010 ( 214)                 BRNZP PB_O_LOOP
(311C) 2011  0010000000010001 ( 217) PB_NL           LD    R0 PB_NEWLINE
(311D) F021  1111000000100001 ( 218)                 TRAP  x21
(311E) 16E1  0001011011100001 ( 219)                 ADD   R3 R3 #1
(311F) 0FE7  0000111111100111 ( 220)                 BRNZP PB_LOOP
(3120) 2007  0010000000000111 ( 223) PB_DONE         LD    R0 PB_SAVE_R0
(3121) 2207  0010001000000111 ( 224)                 LD    R1 PB_SAVE_R1
(3122) 2407  0010010000000111 ( 225)                 LD    R2 PB_SAVE_R2
(3123) 2607  0010011000000111 ( 226)                 LD    R3 PB_SAVE_R3
(3124) 2807  0010100000000111 ( 227)                 LD    R4 PB_SAVE_R4
(3125) 2E01  0010111000000001 ( 228)                 LD    R7 PB_SAVE_R7
(3126) C1C0  1100000111000000 ( 229)                 RET   
(3127) 0000  0000000000000000 ( 233) PB_SAVE_R7      .FILL x0000
(3128) 0000  0000000000000000 ( 234) PB_SAVE_R0      .FILL x0000
(3129) 0000  0000000000000000 ( 235) PB_SAVE_R1      .FILL x0000
(312A) 0000  0000000000000000 ( 236) PB_SAVE_R2      .FILL x0000
(312B) 0000  0000000000000000 ( 237) PB_SAVE_R3      .FILL x0000
(312C) 0000  0000000000000000 ( 238) PB_SAVE_R4      .FILL x0000
(312D) 006F  0000000001101111 ( 238) PB_CHAR_O       .FILL x006F
(312E) 000A  0000000000001010 ( 239) PB_NEWLINE      .FILL x000A
(312F) 0052  0000000001010010 ( 240) PB_ROW_A        .FILL x0052
(3130) 004F  0000000001001111 ( 240)                 .FILL x004F
(3131) 0057  0000000001010111 ( 240)                 .FILL x0057
(3132) 0020  0000000000100000 ( 240)                 .FILL x0020
(3133) 0041  0000000001000001 ( 240)                 .FILL x0041
(3134) 003A  0000000000111010 ( 240)                 .FILL x003A
(3135) 0020  0000000000100000 ( 240)                 .FILL x0020
(3136) 0000  0000000000000000 ( 240)                 .FILL x0000
(3137) 0052  0000000001010010 ( 241) PB_ROW_B        .FILL x0052
(3138) 004F  0000000001001111 ( 241)                 .FILL x004F
(3139) 0057  0000000001010111 ( 241)                 .FILL x0057
(313A) 0020  0000000000100000 ( 241)                 .FILL x0020
(313B) 0042  0000000001000010 ( 241)                 .FILL x0042
(313C) 003A  0000000000111010 ( 241)                 .FILL x003A
(313D) 0020  0000000000100000 ( 241)                 .FILL x0020
(313E) 0000  0000000000000000 ( 241)                 .FILL x0000
(313F) 0052  0000000001010010 ( 242) PB_ROW_C        .FILL x0052
(3140) 004F  0000000001001111 ( 242)                 .FILL x004F
(3141) 0057  0000000001010111 ( 242)                 .FILL x0057
(3142) 0020  0000000000100000 ( 242)                 .FILL x0020
(3143) 0043  0000000001000011 ( 242)                 .FILL x0043
(3144) 003A  0000000000111010 ( 242)                 .FILL x003A
(3145) 0020  0000000000100000 ( 242)                 .FILL x0020
(3146) 0000  0000000000000000 ( 242)                 .FILL x0000
